******************************************************************************
            TI ARM Clang Linker PC v5.1.1                      
******************************************************************************
>> Linked Mon Jul 27 15:06:32 2026

OUTPUT FILE NAME:   <empty_LP_MSPM0G3507_nortos_ticlang.out>
ENTRY POINT SYMBOL: "_c_int00_noargs"  address: 00000e81


MEMORY CONFIGURATION

         name            origin    length      used     unused   attr    fill
----------------------  --------  ---------  --------  --------  ----  --------
  FLASH                 00000000   00020000  00000f98  0001f068  R  X
  SRAM                  20200000   00008000  0000041e  00007be2  RW X
  BCR_CONFIG            41c00000   000000ff  00000000  000000ff  R   
  BSL_CONFIG            41c00100   00000080  00000000  00000080  R   


SEGMENT ALLOCATION MAP

run origin  load origin   length   init length attrs members
----------  ----------- ---------- ----------- ----- -------
00000000    00000000    00000f98   00000f98    r-x
  00000000    00000000    000000c0   000000c0    r-- .intvecs
  000000c0    000000c0    00000e90   00000e90    r-x .text
  00000f50    00000f50    00000030   00000030    r-- .rodata
  00000f80    00000f80    00000018   00000018    r-- .cinit
20200000    20200000    0000021e   00000000    rw-
  20200000    20200000    0000021e   00000000    rw- .bss
20207e00    20207e00    00000200   00000000    rw-
  20207e00    20207e00    00000200   00000000    rw- .stack


SECTION ALLOCATION MAP

 output                                  attributes/
section   page    origin      length       input sections
--------  ----  ----------  ----------   ----------------
.intvecs   0    00000000    000000c0     
                  00000000    000000c0     startup_mspm0g350x_ticlang.o (.intvecs)

.text      0    000000c0    00000e90     
                  000000c0    00000690     empty.o (.text.main)
                  00000750    00000170     empty.o (.text.TIMG12_IRQHandler)
                  000008c0    00000104     driverlib.a : dl_timer.o (.text.DL_Timer_initFourCCPWMMode)
                  000009c4    000000fc                 : dl_timer.o (.text.DL_Timer_initTimerMode)
                  00000ac0    0000009c     ti_msp_dl_config.o (.text.SYSCFG_DL_GPIO_init)
                  00000b5c    00000090     ti_msp_dl_config.o (.text.SYSCFG_DL_PWM_MOTOR_init)
                  00000bec    0000008c     ti_msp_dl_config.o (.text.SYSCFG_DL_UART_OPENMV_init)
                  00000c78    00000050     empty.o (.text.UART1_IRQHandler)
                  00000cc8    0000004c     empty.o (.text.GROUP1_IRQHandler)
                  00000d14    00000048     driverlib.a : dl_uart.o (.text.DL_UART_init)
                  00000d5c    00000048     ti_msp_dl_config.o (.text.SYSCFG_DL_initPower)
                  00000da4    00000040     ti_msp_dl_config.o (.text.SYSCFG_DL_SYSCTL_init)
                  00000de4    0000003c     libc.a : autoinit.c.obj (.text:__TI_auto_init_nobinit_nopinit)
                  00000e20    00000038     ti_msp_dl_config.o (.text.SYSCFG_DL_TIMER_SYSTICK_init)
                  00000e58    00000028     ti_msp_dl_config.o (.text.SYSCFG_DL_init)
                  00000e80    00000028     libc.a : boot_cortex_m.c.obj (.text:_c_int00_noargs)
                  00000ea8    0000001c     driverlib.a : dl_timer.o (.text.DL_Timer_setCaptCompUpdateMethod)
                  00000ec4    0000001c                 : dl_timer.o (.text.DL_Timer_setClockConfig)
                  00000ee0    00000018                 : dl_timer.o (.text.DL_Timer_setCaptureCompareOutCtl)
                  00000ef8    00000016     libc.a : copy_zero_init.c.obj (.text:decompress:ZI:__TI_zero_init_nomemset)
                  00000f0e    00000012     driverlib.a : dl_uart.o (.text.DL_UART_setClockConfig)
                  00000f20    00000010                 : dl_timer.o (.text.DL_Timer_setCaptureCompareValue)
                  00000f30    0000000a                 : dl_common.o (.text.DL_Common_delayCycles)
                  00000f3a    00000006     libc.a : exit.c.obj (.text:abort)
                  00000f40    00000004     libsysbm.a : hostexit.c.obj (.text.HOSTexit)
                  00000f44    00000004     startup_mspm0g350x_ticlang.o (.text.Reset_Handler)
                  00000f48    00000004     libc.a : pre_init.c.obj (.text._system_pre_init)
                  00000f4c    00000002     startup_mspm0g350x_ticlang.o (.text.Default_Handler)
                  00000f4e    00000002     --HOLE-- [fill = 0]

.cinit     0    00000f80    00000018     
                  00000f80    00000008     (.cinit..bss.load) [load image, compression = zero_init]
                  00000f88    00000004     (__TI_handler_table)
                  00000f8c    00000008     (__TI_cinit_table)
                  00000f94    00000004     --HOLE-- [fill = 0]

.rodata    0    00000f50    00000030     
                  00000f50    00000014     ti_msp_dl_config.o (.rodata.gTIMER_SYSTICKTimerConfig)
                  00000f64    0000000a     ti_msp_dl_config.o (.rodata.gUART_OPENMVConfig)
                  00000f6e    00000002     ti_msp_dl_config.o (.rodata.gUART_OPENMVClockConfig)
                  00000f70    00000008     ti_msp_dl_config.o (.rodata.gPWM_MOTORConfig)
                  00000f78    00000003     ti_msp_dl_config.o (.rodata.gPWM_MOTORClockConfig)
                  00000f7b    00000003     ti_msp_dl_config.o (.rodata.gTIMER_SYSTICKClockConfig)
                  00000f7e    00000002     --HOLE-- [fill = 0]

.init_array 
*          0    00000000    00000000     UNINITIALIZED

.binit     0    00000000    00000000     

.bss       0    20200000    0000021e     UNINITIALIZED
                  20200000    00000100     empty.o (.bss.g_uartRxRing)
                  20200100    000000bc     (.common:gPWM_MOTORBackup)
                  202001bc    00000020     empty.o (.bss.servicePendingVisionFrame.line)
                  202001dc    0000000c     empty.o (.bss.g_encoder)
                  202001e8    00000004     empty.o (.bss.encoderSample10ms.lastLeftCount)
                  202001ec    00000004     empty.o (.bss.encoderSample10ms.lastRightCount)
                  202001f0    00000004     empty.o (.bss.g_lastLineSeenMs)
                  202001f4    00000004     empty.o (.bss.g_leftEncoderCount)
                  202001f8    00000004     empty.o (.bss.g_msTicks)
                  202001fc    00000004     empty.o (.bss.g_rightEncoderCount)
                  20200200    00000004     empty.o (.bss.g_startupDriveUntilMs)
                  20200204    00000004     empty.o (.bss.g_vision.2)
                  20200208    00000002     empty.o (.bss.g_lastLineError)
                  2020020a    00000002     empty.o (.bss.g_uartRxHead)
                  2020020c    00000002     empty.o (.bss.g_uartRxTail)
                  2020020e    00000002     empty.o (.bss.g_vision.1)
                  20200210    00000001     empty.o (.bss.g_carRunning)
                  20200211    00000001     empty.o (.bss.g_controlDue)
                  20200212    00000001     empty.o (.bss.g_debugMode)
                  20200213    00000001     empty.o (.bss.keysScan1ms.initialized)
                  20200214    00000001     empty.o (.bss.g_vision.0)
                  20200215    00000001     empty.o (.bss.keysScan1ms.lastS1Raw)
                  20200216    00000001     empty.o (.bss.keysScan1ms.lastS2Raw)
                  20200217    00000001     empty.o (.bss.keysScan1ms.s1StableMs)
                  20200218    00000001     empty.o (.bss.g_vision.3)
                  20200219    00000001     empty.o (.bss.keysScan1ms.s2StableMs)
                  2020021a    00000001     empty.o (.bss.keysScan1ms.stableS1)
                  2020021b    00000001     empty.o (.bss.keysScan1ms.stableS2)
                  2020021c    00000001     empty.o (.bss.servicePendingVisionFrame.lineIndex)
                  2020021d    00000001     empty.o (.bss.servicePendingVisionFrame.lineOverflow)

.stack     0    20207e00    00000200     UNINITIALIZED
                  20207e00    00000004     libc.a : boot_cortex_m.c.obj (.stack)
                  20207e04    000001fc     --HOLE--

__llvm_prf_cnts 
*          0    20200000    00000000     UNINITIALIZED

__llvm_prf_bits 
*          0    20200000    00000000     UNINITIALIZED

MODULE SUMMARY

       Module                         code   ro data   rw data
       ------                         ----   -------   -------
    .\
       empty.o                        2204   0         354    
       ti_msp_dl_config.o             672    46        188    
       startup_mspm0g350x_ticlang.o   6      192       0      
    +--+------------------------------+------+---------+---------+
       Total:                         2882   238       542    
                                                              
    C:/TI/mspm0_sdk_2_11_00_07/source/ti/driverlib/lib/ticlang/m0p/mspm0g1x0x_g3x0x/driverlib.a
       dl_timer.o                     608    0         0      
       dl_uart.o                      90     0         0      
       dl_common.o                    10     0         0      
    +--+------------------------------+------+---------+---------+
       Total:                         708    0         0      
                                                              
    C:\TI\ccs2100\ccs\tools\compiler\ti-cgt-armllvm_5.1.1.LTS\lib\armv6m-ti-none-eabi/c/libc.a
       autoinit.c.obj                 60     0         0      
       boot_cortex_m.c.obj            40     0         0      
       copy_zero_init.c.obj           22     0         0      
       exit.c.obj                     6      0         0      
       pre_init.c.obj                 4      0         0      
    +--+------------------------------+------+---------+---------+
       Total:                         132    0         0      
                                                              
    C:\TI\ccs2100\ccs\tools\compiler\ti-cgt-armllvm_5.1.1.LTS\lib\armv6m-ti-none-eabi/c/libsysbm.a
       hostexit.c.obj                 4      0         0      
    +--+------------------------------+------+---------+---------+
       Total:                         4      0         0      
                                                              
       Stack:                         0      0         512    
       Linker Generated:              0      20        0      
    +--+------------------------------+------+---------+---------+
       Grand Total:                   3726   258       1054   


LINKER GENERATED COPY TABLES

__TI_cinit_table @ 00000f8c records: 1, size/record: 8, table size: 8
	.bss: load addr=00000f80, load size=00000008 bytes, run addr=20200000, run size=0000021e bytes, compression=zero_init


LINKER GENERATED HANDLER TABLE

__TI_handler_table @ 00000f88 records: 1, size/record: 4, table size: 4
	index: 0, handler: __TI_zero_init


GLOBAL SYMBOLS: SORTED ALPHABETICALLY BY Name 

address   name                            
-------   ----                            
00000f4d  ADC0_IRQHandler                 
00000f4d  ADC1_IRQHandler                 
00000f4d  AES_IRQHandler                  
00000f40  C$$EXIT                         
00000f4d  CANFD0_IRQHandler               
00000f4d  DAC0_IRQHandler                 
00000f31  DL_Common_delayCycles           
000008c1  DL_Timer_initFourCCPWMMode      
000009c5  DL_Timer_initTimerMode          
00000ea9  DL_Timer_setCaptCompUpdateMethod
00000ee1  DL_Timer_setCaptureCompareOutCtl
00000f21  DL_Timer_setCaptureCompareValue 
00000ec5  DL_Timer_setClockConfig         
00000d15  DL_UART_init                    
00000f0f  DL_UART_setClockConfig          
00000f4d  DMA_IRQHandler                  
00000f4d  Default_Handler                 
00000f4d  GROUP0_IRQHandler               
00000cc9  GROUP1_IRQHandler               
00000f41  HOSTexit                        
00000f4d  HardFault_Handler               
00000f4d  I2C0_IRQHandler                 
00000f4d  I2C1_IRQHandler                 
00000f4d  NMI_Handler                     
00000f4d  PendSV_Handler                  
00000f4d  RTC_IRQHandler                  
00000f45  Reset_Handler                   
00000f4d  SPI0_IRQHandler                 
00000f4d  SPI1_IRQHandler                 
00000f4d  SVC_Handler                     
00000ac1  SYSCFG_DL_GPIO_init             
00000b5d  SYSCFG_DL_PWM_MOTOR_init        
00000da5  SYSCFG_DL_SYSCTL_init           
00000e21  SYSCFG_DL_TIMER_SYSTICK_init    
00000bed  SYSCFG_DL_UART_OPENMV_init      
00000e59  SYSCFG_DL_init                  
00000d5d  SYSCFG_DL_initPower             
00000f4d  SysTick_Handler                 
00000f4d  TIMA0_IRQHandler                
00000f4d  TIMA1_IRQHandler                
00000f4d  TIMG0_IRQHandler                
00000751  TIMG12_IRQHandler               
00000f4d  TIMG6_IRQHandler                
00000f4d  TIMG7_IRQHandler                
00000f4d  TIMG8_IRQHandler                
00000f4d  UART0_IRQHandler                
00000c79  UART1_IRQHandler                
00000f4d  UART2_IRQHandler                
00000f4d  UART3_IRQHandler                
20208000  __STACK_END                     
00000200  __STACK_SIZE                    
00000000  __TI_ATRegion0_region_sz        
00000000  __TI_ATRegion0_src_addr         
00000000  __TI_ATRegion0_trg_addr         
00000000  __TI_ATRegion1_region_sz        
00000000  __TI_ATRegion1_src_addr         
00000000  __TI_ATRegion1_trg_addr         
00000000  __TI_ATRegion2_region_sz        
00000000  __TI_ATRegion2_src_addr         
00000000  __TI_ATRegion2_trg_addr         
00000f8c  __TI_CINIT_Base                 
00000f94  __TI_CINIT_Limit                
00000f94  __TI_CINIT_Warm                 
00000f88  __TI_Handler_Table_Base         
00000f8c  __TI_Handler_Table_Limit        
00000de5  __TI_auto_init_nobinit_nopinit  
ffffffff  __TI_pprof_out_hndl             
ffffffff  __TI_prof_data_size             
ffffffff  __TI_prof_data_start            
00000000  __TI_static_base__              
00000ef9  __TI_zero_init_nomemset         
ffffffff  __binit__                       
UNDEFED   __mpu_init                      
20207e00  __stack                         
20200000  __start___llvm_prf_bits         
20200000  __start___llvm_prf_cnts         
20200000  __stop___llvm_prf_bits          
20200000  __stop___llvm_prf_cnts          
00000e81  _c_int00_noargs                 
UNDEFED   _system_post_cinit              
00000f49  _system_pre_init                
00000f3b  abort                           
ffffffff  binit                           
20200100  gPWM_MOTORBackup                
00000000  interruptVectors                
000000c1  main                            


GLOBAL SYMBOLS: SORTED BY Symbol Address 

address   name                            
-------   ----                            
00000000  __TI_ATRegion0_region_sz        
00000000  __TI_ATRegion0_src_addr         
00000000  __TI_ATRegion0_trg_addr         
00000000  __TI_ATRegion1_region_sz        
00000000  __TI_ATRegion1_src_addr         
00000000  __TI_ATRegion1_trg_addr         
00000000  __TI_ATRegion2_region_sz        
00000000  __TI_ATRegion2_src_addr         
00000000  __TI_ATRegion2_trg_addr         
00000000  __TI_static_base__              
00000000  interruptVectors                
000000c1  main                            
00000200  __STACK_SIZE                    
00000751  TIMG12_IRQHandler               
000008c1  DL_Timer_initFourCCPWMMode      
000009c5  DL_Timer_initTimerMode          
00000ac1  SYSCFG_DL_GPIO_init             
00000b5d  SYSCFG_DL_PWM_MOTOR_init        
00000bed  SYSCFG_DL_UART_OPENMV_init      
00000c79  UART1_IRQHandler                
00000cc9  GROUP1_IRQHandler               
00000d15  DL_UART_init                    
00000d5d  SYSCFG_DL_initPower             
00000da5  SYSCFG_DL_SYSCTL_init           
00000de5  __TI_auto_init_nobinit_nopinit  
00000e21  SYSCFG_DL_TIMER_SYSTICK_init    
00000e59  SYSCFG_DL_init                  
00000e81  _c_int00_noargs                 
00000ea9  DL_Timer_setCaptCompUpdateMethod
00000ec5  DL_Timer_setClockConfig         
00000ee1  DL_Timer_setCaptureCompareOutCtl
00000ef9  __TI_zero_init_nomemset         
00000f0f  DL_UART_setClockConfig          
00000f21  DL_Timer_setCaptureCompareValue 
00000f31  DL_Common_delayCycles           
00000f3b  abort                           
00000f40  C$$EXIT                         
00000f41  HOSTexit                        
00000f45  Reset_Handler                   
00000f49  _system_pre_init                
00000f4d  ADC0_IRQHandler                 
00000f4d  ADC1_IRQHandler                 
00000f4d  AES_IRQHandler                  
00000f4d  CANFD0_IRQHandler               
00000f4d  DAC0_IRQHandler                 
00000f4d  DMA_IRQHandler                  
00000f4d  Default_Handler                 
00000f4d  GROUP0_IRQHandler               
00000f4d  HardFault_Handler               
00000f4d  I2C0_IRQHandler                 
00000f4d  I2C1_IRQHandler                 
00000f4d  NMI_Handler                     
00000f4d  PendSV_Handler                  
00000f4d  RTC_IRQHandler                  
00000f4d  SPI0_IRQHandler                 
00000f4d  SPI1_IRQHandler                 
00000f4d  SVC_Handler                     
00000f4d  SysTick_Handler                 
00000f4d  TIMA0_IRQHandler                
00000f4d  TIMA1_IRQHandler                
00000f4d  TIMG0_IRQHandler                
00000f4d  TIMG6_IRQHandler                
00000f4d  TIMG7_IRQHandler                
00000f4d  TIMG8_IRQHandler                
00000f4d  UART0_IRQHandler                
00000f4d  UART2_IRQHandler                
00000f4d  UART3_IRQHandler                
00000f88  __TI_Handler_Table_Base         
00000f8c  __TI_CINIT_Base                 
00000f8c  __TI_Handler_Table_Limit        
00000f94  __TI_CINIT_Limit                
00000f94  __TI_CINIT_Warm                 
20200000  __start___llvm_prf_bits         
20200000  __start___llvm_prf_cnts         
20200000  __stop___llvm_prf_bits          
20200000  __stop___llvm_prf_cnts          
20200100  gPWM_MOTORBackup                
20207e00  __stack                         
20208000  __STACK_END                     
ffffffff  __TI_pprof_out_hndl             
ffffffff  __TI_prof_data_size             
ffffffff  __TI_prof_data_start            
ffffffff  __binit__                       
ffffffff  binit                           
UNDEFED   __mpu_init                      
UNDEFED   _system_post_cinit              

[86 symbols]
